// Jest Snapshot v1, https://goo.gl/fbAQLP

exports[`Parts page matches snapshot 1`] = `
<DocumentFragment>
  <nav
    class="flex items-center justify-between flex-wrap bg-gray-900 p-6"
  >
    <div
      class="flex items-center flex-no-shrink text-white mr-6"
    >
      <span
        class="font-bold text-2xl tracking-wide"
      >
        Funai Gaming Web
      </span>
    </div>
  </nav>
  <div
    class="container mx-auto"
  >
    <main>
      <h1>
        Parts
      </h1>
      <div
        class="w-full text-center mx-auto"
      >
        <h2>
          Buttons
        </h2>
        <button
          class="border-green-500 bg-green-500 hover:bg-green-600 text-white border rounded-md px-4 py-2 m-2 transition duration-500 ease select-none focus:outline-none focus:shadow-outline"
          type="button"
        >
          Primary
        </button>
        <button
          class="border-yellow-500 bg-yellow-500 hover:bg-yellow-600 text-white border rounded-md px-4 py-2 m-2 transition duration-500 ease select-none focus:outline-none focus:shadow-outline"
          type="button"
        >
          Secondary
        </button>
        <button
          class="border-gray-200 bg-gray-200 hover:bg-gray-300 text-black-900 border rounded-md px-4 py-2 m-2 transition duration-500 ease select-none focus:outline-none focus:shadow-outline"
          type="button"
        >
          Neutral
        </button>
        <button
          class="border-red-500 bg-red-500 hover:bg-red-600 text-white border rounded-md px-4 py-2 m-2 transition duration-500 ease select-none focus:outline-none focus:shadow-outline"
          type="button"
        >
          Alert
        </button>
      </div>
      <a
        class="underline text-blue-600 hover:text-blue-800 visited:text-purple-600"
        href="/"
      >
        Home
      </a>
      <footer />
    </main>
  </div>
</DocumentFragment>
`;
