// Jest Snapshot v1, https://goo.gl/fbAQLP

exports[`Container matches snapshot 1`] = `
<DocumentFragment>
  <div
    class="container mx-auto"
  >
    <main>
      contents
    </main>
  </div>
</DocumentFragment>
`;
