// Jest Snapshot v1, https://goo.gl/fbAQLP

exports[`Header matches snapshot 1`] = `
<DocumentFragment>
  <nav
    class="flex items-center justify-between flex-wrap bg-gray-900 p-6"
  >
    <div
      class="flex items-center flex-no-shrink text-white mr-6"
    >
      <span
        class="font-bold text-2xl tracking-wide"
      >
        Funai Gaming Web
      </span>
    </div>
  </nav>
</DocumentFragment>
`;
